// Jest Snapshot v1, https://goo.gl/fbAQLP

exports[`<OrderHistoryDisclosure /> Test <OrderHistoryDisclosure /> 1`] = `
<body>
  <div>
    <button
      aria-expanded="false"
      class="font-light flex justify-between items-center w-full px-4 py-2 text-left text-slate-700 bg-slate-400 rounded-lg bg-opacity-50 backdrop-blur-sm hover:bg-slate-400 transition-all ease-in-out duration-200"
      id="headlessui-disclosure-button-1"
      type="button"
    >
      <span
        class="text-base md:text-xl"
      >
        2022-02-22
      </span>
      <svg
        class=" w-5 h-5"
        fill="currentColor"
        height="1em"
        stroke="currentColor"
        stroke-width="0"
        viewBox="0 0 24 24"
        width="1em"
        xmlns="http://www.w3.org/2000/svg"
      >
        <g>
          <path
            d="M0 0h24v24H0z"
            fill="none"
          />
          <path
            d="M12 10.828l-4.95 4.95-1.414-1.414L12 8l6.364 6.364-1.414 1.414z"
          />
        </g>
      </svg>
    </button>
  </div>
</body>
`;
