// Jest Snapshot v1, https://goo.gl/fbAQLP

exports[`<SearchBar /> Test <SearchBar /> 1`] = `
<body>
  <div>
    <div
      class="flex justify-center items-center gap-2 overflow-hidden text-sm md:text-base"
    >
      <button
        class="flex font-light justify-center items-center py-2"
        id="searchBtn"
      >
        <svg
          fill="none"
          height="1em"
          stroke="currentColor"
          stroke-linecap="round"
          stroke-linejoin="round"
          stroke-width="2"
          viewBox="0 0 24 24"
          width="1em"
          xmlns="http://www.w3.org/2000/svg"
        >
          <circle
            cx="11"
            cy="11"
            r="8"
          />
          <line
            x1="21"
            x2="16.65"
            y1="21"
            y2="16.65"
          />
        </svg>
      </button>
    </div>
  </div>
</body>
`;
